[web.archive.org/web/20250326115756/https_/www.collegeboundstl.org/index.html]
[backblue.gif]
[fade.gif]
[index.html]
[web.archive.org/web/20250326115756/https_/www.collegeboundstl.org/index.html]
[web.archive.org/web/20250326115756/https_/www.collegeboundstl.org/feed/index.html]
[web.archive.org/web/20250326115756/https_/www.collegeboundstl.org/comments/feed/index.html]
[web.archive.org/web/20250326115756/https_/www.collegeboundstl.org/about/index.html]
[web.archive.org/web/20250326115756/https_/www.collegeboundstl.org/about/mission-vision/index.html]
[web.archive.org/web/20250326115756/https_/www.collegeboundstl.org/about/what-we-do/index.html]
[web.archive.org/web/20250326115756/https_/www.collegeboundstl.org/about/what-we-do/programs/index.html]
[web.archive.org/web/20250326115756/https_/www.collegeboundstl.org/about/what-we-do/faqs/index.html]
[web.archive.org/web/20250326115756/https_/www.collegeboundstl.org/our-impact/index.html]
[web.archive.org/web/20250326115756/https_/www.collegeboundstl.org/our-impact/why-it-matters/index.html]
[web.archive.org/web/20250326115756/https_/www.collegeboundstl.org/our-impact/student-stories/index.html]
[web.archive.org/web/20250326115756/https_/www.collegeboundstl.org/our-impact/in-the-news/index.html]
[web.archive.org/web/20250326115756/https_/www.collegeboundstl.org/our-impact/annual-reports/index.html]
[web.archive.org/web/20250326115756/https_/www.collegeboundstl.org/who-we-are/index.html]
[web.archive.org/web/20250326115756/https_/www.collegeboundstl.org/who-we-are/our-story/index.html]
[web.archive.org/web/20250326115756/https_/www.collegeboundstl.org/who-we-are/our-team/index.html]
[web.archive.org/web/20250326115756/https_/www.collegeboundstl.org/who-we-are/contact-us/index.html]
[web.archive.org/web/20250326115756/https_/www.collegeboundstl.org/get-involved/index.html]
[web.archive.org/web/20250326115756/https_/www.collegeboundstl.org/get-involved/why-donate/index.html]
[web.archive.org/web/20250326115756/https_/www.collegeboundstl.org/get-involved/careers/index.html]
[web.archive.org/web/20250326115756/https_/www.collegeboundstl.org/get-involved/events/index.html]
[web.archive.org/web/20250326115756/https_/www.collegeboundstl.org/cb-college-students/index.html]
[web.archive.org/web/20250326115756/https_/www.collegeboundstl.org/apply/index.html]
[web.archive.org/web/20250326115756/https_/www.collegeboundstl.org/what-we-do/programs/completion/index.html]
[web.archive.org/web/20250326115756/https_/www.collegeboundstl.org/privacy-policy/index.html]
